ok  	github.com/cisco/virtual-kubelet-cisco/api/config/v1alpha1	1.806s
ok  	github.com/cisco/virtual-kubelet-cisco/api/ops/v1alpha1	3.859s
ok  	github.com/cisco/virtual-kubelet-cisco/api/v1alpha1	2.399s
ok  	github.com/cisco/virtual-kubelet-cisco/cmd/cisco-vk	10.475s
ok  	github.com/cisco/virtual-kubelet-cisco/cmd/cvk-preparation-plan	1.463s
ok  	github.com/cisco/virtual-kubelet-cisco/internal/aggregator	2.942s
ok  	github.com/cisco/virtual-kubelet-cisco/internal/config	1.528s
ok  	github.com/cisco/virtual-kubelet-cisco/internal/configengine	1.206s
?   	github.com/cisco/virtual-kubelet-cisco/internal/configengine/engine	[no test files]
?   	github.com/cisco/virtual-kubelet-cisco/internal/configengine/intent	[no test files]
ok  	github.com/cisco/virtual-kubelet-cisco/internal/configengine/transport	1.489s
ok  	github.com/cisco/virtual-kubelet-cisco/internal/configengine/validation	1.478s
ok  	github.com/cisco/virtual-kubelet-cisco/internal/configengine/writers	1.504s
ok  	github.com/cisco/virtual-kubelet-cisco/internal/controller	31.347s
ok  	github.com/cisco/virtual-kubelet-cisco/internal/controlleradapter	2.378s
ok  	github.com/cisco/virtual-kubelet-cisco/internal/controlleradapter/catalystcenter	3.962s
ok  	github.com/cisco/virtual-kubelet-cisco/internal/controlleradapter/nexusdashboard	5.387s
ok  	github.com/cisco/virtual-kubelet-cisco/internal/controllerhandoff	2.504s
ok  	github.com/cisco/virtual-kubelet-cisco/internal/devicecoordination	1.248s
ok  	github.com/cisco/virtual-kubelet-cisco/internal/drivers	1.894s
ok  	github.com/cisco/virtual-kubelet-cisco/internal/drivers/common	1.818s
?   	github.com/cisco/virtual-kubelet-cisco/internal/drivers/fake	[no test files]
ok  	github.com/cisco/virtual-kubelet-cisco/internal/drivers/iosxe	8.630s
ok  	github.com/cisco/virtual-kubelet-cisco/internal/drivers/iosxe/configdriver	1.669s
?   	github.com/cisco/virtual-kubelet-cisco/internal/drivers/iosxe/configdriver/cfgvalidation	[no test files]
ok  	github.com/cisco/virtual-kubelet-cisco/internal/drivers/iosxe/configdriver/engine	2.666s
?   	github.com/cisco/virtual-kubelet-cisco/internal/drivers/iosxe/configdriver/generated/1715/aaa	[no test files]
?   	github.com/cisco/virtual-kubelet-cisco/internal/drivers/iosxe/configdriver/generated/1715/access_list_extended	[no test files]
?   	github.com/cisco/virtual-kubelet-cisco/internal/drivers/iosxe/configdriver/generated/1715/access_list_standard	[no test files]
?   	github.com/cisco/virtual-kubelet-cisco/internal/drivers/iosxe/configdriver/generated/1715/banner	[no test files]
?   	github.com/cisco/virtual-kubelet-cisco/internal/drivers/iosxe/configdriver/generated/1715/bgp	[no test files]
?   	github.com/cisco/virtual-kubelet-cisco/internal/drivers/iosxe/configdriver/generated/1715/cdp	[no test files]
?   	github.com/cisco/virtual-kubelet-cisco/internal/drivers/iosxe/configdriver/generated/1715/class_map	[no test files]
?   	github.com/cisco/virtual-kubelet-cisco/internal/drivers/iosxe/configdriver/generated/1715/clock	[no test files]
?   	github.com/cisco/virtual-kubelet-cisco/internal/drivers/iosxe/configdriver/generated/1715/crypto_ikev2_profile	[no test files]
?   	github.com/cisco/virtual-kubelet-cisco/internal/drivers/iosxe/configdriver/generated/1715/crypto_ipsec_profile	[no test files]
?   	github.com/cisco/virtual-kubelet-cisco/internal/drivers/iosxe/configdriver/generated/1715/crypto_ipsec_transform_set	[no test files]
?   	github.com/cisco/virtual-kubelet-cisco/internal/drivers/iosxe/configdriver/generated/1715/crypto_map	[no test files]
?   	github.com/cisco/virtual-kubelet-cisco/internal/drivers/iosxe/configdriver/generated/1715/crypto_pki_trustpoint	[no test files]
?   	github.com/cisco/virtual-kubelet-cisco/internal/drivers/iosxe/configdriver/generated/1715/dhcp	[no test files]
?   	github.com/cisco/virtual-kubelet-cisco/internal/drivers/iosxe/configdriver/generated/1715/eigrp	[no test files]
?   	github.com/cisco/virtual-kubelet-cisco/internal/drivers/iosxe/configdriver/generated/1715/errdisable	[no test files]
?   	github.com/cisco/virtual-kubelet-cisco/internal/drivers/iosxe/configdriver/generated/1715/event_manager	[no test files]
?   	github.com/cisco/virtual-kubelet-cisco/internal/drivers/iosxe/configdriver/generated/1715/interface_ethernet	[no test files]
?   	github.com/cisco/virtual-kubelet-cisco/internal/drivers/iosxe/configdriver/generated/1715/interface_loopback	[no test files]
?   	github.com/cisco/virtual-kubelet-cisco/internal/drivers/iosxe/configdriver/generated/1715/interface_port_channel	[no test files]
?   	github.com/cisco/virtual-kubelet-cisco/internal/drivers/iosxe/configdriver/generated/1715/interface_switchport	[no test files]
?   	github.com/cisco/virtual-kubelet-cisco/internal/drivers/iosxe/configdriver/generated/1715/interface_tunnel	[no test files]
?   	github.com/cisco/virtual-kubelet-cisco/internal/drivers/iosxe/configdriver/generated/1715/interface_virtual_port_group	[no test files]
?   	github.com/cisco/virtual-kubelet-cisco/internal/drivers/iosxe/configdriver/generated/1715/interface_vlan	[no test files]
?   	github.com/cisco/virtual-kubelet-cisco/internal/drivers/iosxe/configdriver/generated/1715/ip_as_path_access_list	[no test files]
?   	github.com/cisco/virtual-kubelet-cisco/internal/drivers/iosxe/configdriver/generated/1715/ip_community_list	[no test files]
?   	github.com/cisco/virtual-kubelet-cisco/internal/drivers/iosxe/configdriver/generated/1715/ip_domain	[no test files]
?   	github.com/cisco/virtual-kubelet-cisco/internal/drivers/iosxe/configdriver/generated/1715/ip_http	[no test files]
?   	github.com/cisco/virtual-kubelet-cisco/internal/drivers/iosxe/configdriver/generated/1715/ip_name_server	[no test files]
?   	github.com/cisco/virtual-kubelet-cisco/internal/drivers/iosxe/configdriver/generated/1715/ip_nat_inside_source	[no test files]
?   	github.com/cisco/virtual-kubelet-cisco/internal/drivers/iosxe/configdriver/generated/1715/ip_nat_pool	[no test files]
?   	github.com/cisco/virtual-kubelet-cisco/internal/drivers/iosxe/configdriver/generated/1715/ip_ssh	[no test files]
?   	github.com/cisco/virtual-kubelet-cisco/internal/drivers/iosxe/configdriver/generated/1715/ipv6_access_list_extended	[no test files]
?   	github.com/cisco/virtual-kubelet-cisco/internal/drivers/iosxe/configdriver/generated/1715/ipv6_access_list_standard	[no test files]
?   	github.com/cisco/virtual-kubelet-cisco/internal/drivers/iosxe/configdriver/generated/1715/ipv6_prefix_list	[no test files]
?   	github.com/cisco/virtual-kubelet-cisco/internal/drivers/iosxe/configdriver/generated/1715/isis	[no test files]
?   	github.com/cisco/virtual-kubelet-cisco/internal/drivers/iosxe/configdriver/generated/1715/line	[no test files]
?   	github.com/cisco/virtual-kubelet-cisco/internal/drivers/iosxe/configdriver/generated/1715/lldp	[no test files]
?   	github.com/cisco/virtual-kubelet-cisco/internal/drivers/iosxe/configdriver/generated/1715/logging	[no test files]
?   	github.com/cisco/virtual-kubelet-cisco/internal/drivers/iosxe/configdriver/generated/1715/ntp	[no test files]
?   	github.com/cisco/virtual-kubelet-cisco/internal/drivers/iosxe/configdriver/generated/1715/ospf	[no test files]
?   	github.com/cisco/virtual-kubelet-cisco/internal/drivers/iosxe/configdriver/generated/1715/policy_map	[no test files]
?   	github.com/cisco/virtual-kubelet-cisco/internal/drivers/iosxe/configdriver/generated/1715/prefix_list	[no test files]
?   	github.com/cisco/virtual-kubelet-cisco/internal/drivers/iosxe/configdriver/generated/1715/radius_server	[no test files]
?   	github.com/cisco/virtual-kubelet-cisco/internal/drivers/iosxe/configdriver/generated/1715/route_map	[no test files]
?   	github.com/cisco/virtual-kubelet-cisco/internal/drivers/iosxe/configdriver/generated/1715/snmp_server	[no test files]
?   	github.com/cisco/virtual-kubelet-cisco/internal/drivers/iosxe/configdriver/generated/1715/spanning_tree	[no test files]
?   	github.com/cisco/virtual-kubelet-cisco/internal/drivers/iosxe/configdriver/generated/1715/static_route	[no test files]
?   	github.com/cisco/virtual-kubelet-cisco/internal/drivers/iosxe/configdriver/generated/1715/system	[no test files]
?   	github.com/cisco/virtual-kubelet-cisco/internal/drivers/iosxe/configdriver/generated/1715/tacacs_server	[no test files]
?   	github.com/cisco/virtual-kubelet-cisco/internal/drivers/iosxe/configdriver/generated/1715/track	[no test files]
?   	github.com/cisco/virtual-kubelet-cisco/internal/drivers/iosxe/configdriver/generated/1715/username	[no test files]
?   	github.com/cisco/virtual-kubelet-cisco/internal/drivers/iosxe/configdriver/generated/1715/vlan	[no test files]
?   	github.com/cisco/virtual-kubelet-cisco/internal/drivers/iosxe/configdriver/generated/1715/vrf	[no test files]
?   	github.com/cisco/virtual-kubelet-cisco/internal/drivers/iosxe/configdriver/generated/1716/aaa	[no test files]
?   	github.com/cisco/virtual-kubelet-cisco/internal/drivers/iosxe/configdriver/generated/1716/access_list_extended	[no test files]
?   	github.com/cisco/virtual-kubelet-cisco/internal/drivers/iosxe/configdriver/generated/1716/access_list_standard	[no test files]
?   	github.com/cisco/virtual-kubelet-cisco/internal/drivers/iosxe/configdriver/generated/1716/banner	[no test files]
?   	github.com/cisco/virtual-kubelet-cisco/internal/drivers/iosxe/configdriver/generated/1716/bgp	[no test files]
?   	github.com/cisco/virtual-kubelet-cisco/internal/drivers/iosxe/configdriver/generated/1716/cdp	[no test files]
?   	github.com/cisco/virtual-kubelet-cisco/internal/drivers/iosxe/configdriver/generated/1716/class_map	[no test files]
?   	github.com/cisco/virtual-kubelet-cisco/internal/drivers/iosxe/configdriver/generated/1716/clock	[no test files]
?   	github.com/cisco/virtual-kubelet-cisco/internal/drivers/iosxe/configdriver/generated/1716/crypto_ikev2_profile	[no test files]
?   	github.com/cisco/virtual-kubelet-cisco/internal/drivers/iosxe/configdriver/generated/1716/crypto_ipsec_profile	[no test files]
?   	github.com/cisco/virtual-kubelet-cisco/internal/drivers/iosxe/configdriver/generated/1716/crypto_ipsec_transform_set	[no test files]
?   	github.com/cisco/virtual-kubelet-cisco/internal/drivers/iosxe/configdriver/generated/1716/crypto_map	[no test files]
?   	github.com/cisco/virtual-kubelet-cisco/internal/drivers/iosxe/configdriver/generated/1716/crypto_pki_trustpoint	[no test files]
?   	github.com/cisco/virtual-kubelet-cisco/internal/drivers/iosxe/configdriver/generated/1716/dhcp	[no test files]
?   	github.com/cisco/virtual-kubelet-cisco/internal/drivers/iosxe/configdriver/generated/1716/eigrp	[no test files]
?   	github.com/cisco/virtual-kubelet-cisco/internal/drivers/iosxe/configdriver/generated/1716/errdisable	[no test files]
?   	github.com/cisco/virtual-kubelet-cisco/internal/drivers/iosxe/configdriver/generated/1716/event_manager	[no test files]
?   	github.com/cisco/virtual-kubelet-cisco/internal/drivers/iosxe/configdriver/generated/1716/interface_ethernet	[no test files]
?   	github.com/cisco/virtual-kubelet-cisco/internal/drivers/iosxe/configdriver/generated/1716/interface_loopback	[no test files]
?   	github.com/cisco/virtual-kubelet-cisco/internal/drivers/iosxe/configdriver/generated/1716/interface_port_channel	[no test files]
?   	github.com/cisco/virtual-kubelet-cisco/internal/drivers/iosxe/configdriver/generated/1716/interface_switchport	[no test files]
?   	github.com/cisco/virtual-kubelet-cisco/internal/drivers/iosxe/configdriver/generated/1716/interface_tunnel	[no test files]
?   	github.com/cisco/virtual-kubelet-cisco/internal/drivers/iosxe/configdriver/generated/1716/interface_virtual_port_group	[no test files]
?   	github.com/cisco/virtual-kubelet-cisco/internal/drivers/iosxe/configdriver/generated/1716/interface_vlan	[no test files]
?   	github.com/cisco/virtual-kubelet-cisco/internal/drivers/iosxe/configdriver/generated/1716/ip_as_path_access_list	[no test files]
?   	github.com/cisco/virtual-kubelet-cisco/internal/drivers/iosxe/configdriver/generated/1716/ip_community_list	[no test files]
?   	github.com/cisco/virtual-kubelet-cisco/internal/drivers/iosxe/configdriver/generated/1716/ip_domain	[no test files]
?   	github.com/cisco/virtual-kubelet-cisco/internal/drivers/iosxe/configdriver/generated/1716/ip_http	[no test files]
?   	github.com/cisco/virtual-kubelet-cisco/internal/drivers/iosxe/configdriver/generated/1716/ip_name_server	[no test files]
?   	github.com/cisco/virtual-kubelet-cisco/internal/drivers/iosxe/configdriver/generated/1716/ip_nat_inside_source	[no test files]
?   	github.com/cisco/virtual-kubelet-cisco/internal/drivers/iosxe/configdriver/generated/1716/ip_nat_pool	[no test files]
?   	github.com/cisco/virtual-kubelet-cisco/internal/drivers/iosxe/configdriver/generated/1716/ip_ssh	[no test files]
?   	github.com/cisco/virtual-kubelet-cisco/internal/drivers/iosxe/configdriver/generated/1716/ipv6_access_list_extended	[no test files]
?   	github.com/cisco/virtual-kubelet-cisco/internal/drivers/iosxe/configdriver/generated/1716/ipv6_access_list_standard	[no test files]
?   	github.com/cisco/virtual-kubelet-cisco/internal/drivers/iosxe/configdriver/generated/1716/ipv6_prefix_list	[no test files]
?   	github.com/cisco/virtual-kubelet-cisco/internal/drivers/iosxe/configdriver/generated/1716/isis	[no test files]
?   	github.com/cisco/virtual-kubelet-cisco/internal/drivers/iosxe/configdriver/generated/1716/line	[no test files]
?   	github.com/cisco/virtual-kubelet-cisco/internal/drivers/iosxe/configdriver/generated/1716/lldp	[no test files]
?   	github.com/cisco/virtual-kubelet-cisco/internal/drivers/iosxe/configdriver/generated/1716/logging	[no test files]
?   	github.com/cisco/virtual-kubelet-cisco/internal/drivers/iosxe/configdriver/generated/1716/ntp	[no test files]
?   	github.com/cisco/virtual-kubelet-cisco/internal/drivers/iosxe/configdriver/generated/1716/ospf	[no test files]
?   	github.com/cisco/virtual-kubelet-cisco/internal/drivers/iosxe/configdriver/generated/1716/policy_map	[no test files]
?   	github.com/cisco/virtual-kubelet-cisco/internal/drivers/iosxe/configdriver/generated/1716/prefix_list	[no test files]
?   	github.com/cisco/virtual-kubelet-cisco/internal/drivers/iosxe/configdriver/generated/1716/radius_server	[no test files]
?   	github.com/cisco/virtual-kubelet-cisco/internal/drivers/iosxe/configdriver/generated/1716/route_map	[no test files]
?   	github.com/cisco/virtual-kubelet-cisco/internal/drivers/iosxe/configdriver/generated/1716/snmp_server	[no test files]
?   	github.com/cisco/virtual-kubelet-cisco/internal/drivers/iosxe/configdriver/generated/1716/spanning_tree	[no test files]
?   	github.com/cisco/virtual-kubelet-cisco/internal/drivers/iosxe/configdriver/generated/1716/static_route	[no test files]
?   	github.com/cisco/virtual-kubelet-cisco/internal/drivers/iosxe/configdriver/generated/1716/system	[no test files]
?   	github.com/cisco/virtual-kubelet-cisco/internal/drivers/iosxe/configdriver/generated/1716/tacacs_server	[no test files]
?   	github.com/cisco/virtual-kubelet-cisco/internal/drivers/iosxe/configdriver/generated/1716/track	[no test files]
?   	github.com/cisco/virtual-kubelet-cisco/internal/drivers/iosxe/configdriver/generated/1716/username	[no test files]
?   	github.com/cisco/virtual-kubelet-cisco/internal/drivers/iosxe/configdriver/generated/1716/vlan	[no test files]
?   	github.com/cisco/virtual-kubelet-cisco/internal/drivers/iosxe/configdriver/generated/1716/vrf	[no test files]
?   	github.com/cisco/virtual-kubelet-cisco/internal/drivers/iosxe/configdriver/generated/1718/aaa	[no test files]
?   	github.com/cisco/virtual-kubelet-cisco/internal/drivers/iosxe/configdriver/generated/1718/access_list_extended	[no test files]
?   	github.com/cisco/virtual-kubelet-cisco/internal/drivers/iosxe/configdriver/generated/1718/access_list_standard	[no test files]
?   	github.com/cisco/virtual-kubelet-cisco/internal/drivers/iosxe/configdriver/generated/1718/banner	[no test files]
?   	github.com/cisco/virtual-kubelet-cisco/internal/drivers/iosxe/configdriver/generated/1718/bgp	[no test files]
?   	github.com/cisco/virtual-kubelet-cisco/internal/drivers/iosxe/configdriver/generated/1718/cdp	[no test files]
?   	github.com/cisco/virtual-kubelet-cisco/internal/drivers/iosxe/configdriver/generated/1718/class_map	[no test files]
?   	github.com/cisco/virtual-kubelet-cisco/internal/drivers/iosxe/configdriver/generated/1718/clock	[no test files]
?   	github.com/cisco/virtual-kubelet-cisco/internal/drivers/iosxe/configdriver/generated/1718/crypto_ikev2_profile	[no test files]
?   	github.com/cisco/virtual-kubelet-cisco/internal/drivers/iosxe/configdriver/generated/1718/crypto_ipsec_profile	[no test files]
?   	github.com/cisco/virtual-kubelet-cisco/internal/drivers/iosxe/configdriver/generated/1718/crypto_ipsec_transform_set	[no test files]
?   	github.com/cisco/virtual-kubelet-cisco/internal/drivers/iosxe/configdriver/generated/1718/crypto_map	[no test files]
?   	github.com/cisco/virtual-kubelet-cisco/internal/drivers/iosxe/configdriver/generated/1718/crypto_pki_trustpoint	[no test files]
?   	github.com/cisco/virtual-kubelet-cisco/internal/drivers/iosxe/configdriver/generated/1718/dhcp	[no test files]
?   	github.com/cisco/virtual-kubelet-cisco/internal/drivers/iosxe/configdriver/generated/1718/eigrp	[no test files]
?   	github.com/cisco/virtual-kubelet-cisco/internal/drivers/iosxe/configdriver/generated/1718/errdisable	[no test files]
?   	github.com/cisco/virtual-kubelet-cisco/internal/drivers/iosxe/configdriver/generated/1718/event_manager	[no test files]
?   	github.com/cisco/virtual-kubelet-cisco/internal/drivers/iosxe/configdriver/generated/1718/interface_ethernet	[no test files]
?   	github.com/cisco/virtual-kubelet-cisco/internal/drivers/iosxe/configdriver/generated/1718/interface_loopback	[no test files]
?   	github.com/cisco/virtual-kubelet-cisco/internal/drivers/iosxe/configdriver/generated/1718/interface_port_channel	[no test files]
?   	github.com/cisco/virtual-kubelet-cisco/internal/drivers/iosxe/configdriver/generated/1718/interface_switchport	[no test files]
?   	github.com/cisco/virtual-kubelet-cisco/internal/drivers/iosxe/configdriver/generated/1718/interface_tunnel	[no test files]
?   	github.com/cisco/virtual-kubelet-cisco/internal/drivers/iosxe/configdriver/generated/1718/interface_virtual_port_group	[no test files]
?   	github.com/cisco/virtual-kubelet-cisco/internal/drivers/iosxe/configdriver/generated/1718/interface_vlan	[no test files]
?   	github.com/cisco/virtual-kubelet-cisco/internal/drivers/iosxe/configdriver/generated/1718/ip_as_path_access_list	[no test files]
?   	github.com/cisco/virtual-kubelet-cisco/internal/drivers/iosxe/configdriver/generated/1718/ip_community_list	[no test files]
?   	github.com/cisco/virtual-kubelet-cisco/internal/drivers/iosxe/configdriver/generated/1718/ip_domain	[no test files]
?   	github.com/cisco/virtual-kubelet-cisco/internal/drivers/iosxe/configdriver/generated/1718/ip_http	[no test files]
?   	github.com/cisco/virtual-kubelet-cisco/internal/drivers/iosxe/configdriver/generated/1718/ip_name_server	[no test files]
?   	github.com/cisco/virtual-kubelet-cisco/internal/drivers/iosxe/configdriver/generated/1718/ip_nat_inside_source	[no test files]
?   	github.com/cisco/virtual-kubelet-cisco/internal/drivers/iosxe/configdriver/generated/1718/ip_nat_pool	[no test files]
?   	github.com/cisco/virtual-kubelet-cisco/internal/drivers/iosxe/configdriver/generated/1718/ip_ssh	[no test files]
?   	github.com/cisco/virtual-kubelet-cisco/internal/drivers/iosxe/configdriver/generated/1718/ipv6_access_list_extended	[no test files]
?   	github.com/cisco/virtual-kubelet-cisco/internal/drivers/iosxe/configdriver/generated/1718/ipv6_access_list_standard	[no test files]
?   	github.com/cisco/virtual-kubelet-cisco/internal/drivers/iosxe/configdriver/generated/1718/ipv6_prefix_list	[no test files]
?   	github.com/cisco/virtual-kubelet-cisco/internal/drivers/iosxe/configdriver/generated/1718/isis	[no test files]
?   	github.com/cisco/virtual-kubelet-cisco/internal/drivers/iosxe/configdriver/generated/1718/line	[no test files]
?   	github.com/cisco/virtual-kubelet-cisco/internal/drivers/iosxe/configdriver/generated/1718/lldp	[no test files]
?   	github.com/cisco/virtual-kubelet-cisco/internal/drivers/iosxe/configdriver/generated/1718/logging	[no test files]
?   	github.com/cisco/virtual-kubelet-cisco/internal/drivers/iosxe/configdriver/generated/1718/ntp	[no test files]
?   	github.com/cisco/virtual-kubelet-cisco/internal/drivers/iosxe/configdriver/generated/1718/ospf	[no test files]
?   	github.com/cisco/virtual-kubelet-cisco/internal/drivers/iosxe/configdriver/generated/1718/policy_map	[no test files]
?   	github.com/cisco/virtual-kubelet-cisco/internal/drivers/iosxe/configdriver/generated/1718/prefix_list	[no test files]
?   	github.com/cisco/virtual-kubelet-cisco/internal/drivers/iosxe/configdriver/generated/1718/radius_server	[no test files]
?   	github.com/cisco/virtual-kubelet-cisco/internal/drivers/iosxe/configdriver/generated/1718/route_map	[no test files]
?   	github.com/cisco/virtual-kubelet-cisco/internal/drivers/iosxe/configdriver/generated/1718/snmp_server	[no test files]
?   	github.com/cisco/virtual-kubelet-cisco/internal/drivers/iosxe/configdriver/generated/1718/spanning_tree	[no test files]
?   	github.com/cisco/virtual-kubelet-cisco/internal/drivers/iosxe/configdriver/generated/1718/static_route	[no test files]
?   	github.com/cisco/virtual-kubelet-cisco/internal/drivers/iosxe/configdriver/generated/1718/system	[no test files]
?   	github.com/cisco/virtual-kubelet-cisco/internal/drivers/iosxe/configdriver/generated/1718/tacacs_server	[no test files]
?   	github.com/cisco/virtual-kubelet-cisco/internal/drivers/iosxe/configdriver/generated/1718/track	[no test files]
?   	github.com/cisco/virtual-kubelet-cisco/internal/drivers/iosxe/configdriver/generated/1718/username	[no test files]
?   	github.com/cisco/virtual-kubelet-cisco/internal/drivers/iosxe/configdriver/generated/1718/vlan	[no test files]
?   	github.com/cisco/virtual-kubelet-cisco/internal/drivers/iosxe/configdriver/generated/1718/vrf	[no test files]
?   	github.com/cisco/virtual-kubelet-cisco/internal/drivers/iosxe/configdriver/generated/1791/aaa	[no test files]
?   	github.com/cisco/virtual-kubelet-cisco/internal/drivers/iosxe/configdriver/generated/1791/access_list_extended	[no test files]
?   	github.com/cisco/virtual-kubelet-cisco/internal/drivers/iosxe/configdriver/generated/1791/access_list_standard	[no test files]
?   	github.com/cisco/virtual-kubelet-cisco/internal/drivers/iosxe/configdriver/generated/1791/banner	[no test files]
?   	github.com/cisco/virtual-kubelet-cisco/internal/drivers/iosxe/configdriver/generated/1791/bgp	[no test files]
?   	github.com/cisco/virtual-kubelet-cisco/internal/drivers/iosxe/configdriver/generated/1791/cdp	[no test files]
?   	github.com/cisco/virtual-kubelet-cisco/internal/drivers/iosxe/configdriver/generated/1791/class_map	[no test files]
?   	github.com/cisco/virtual-kubelet-cisco/internal/drivers/iosxe/configdriver/generated/1791/clock	[no test files]
?   	github.com/cisco/virtual-kubelet-cisco/internal/drivers/iosxe/configdriver/generated/1791/crypto_ikev2_profile	[no test files]
?   	github.com/cisco/virtual-kubelet-cisco/internal/drivers/iosxe/configdriver/generated/1791/crypto_ipsec_profile	[no test files]
?   	github.com/cisco/virtual-kubelet-cisco/internal/drivers/iosxe/configdriver/generated/1791/crypto_ipsec_transform_set	[no test files]
?   	github.com/cisco/virtual-kubelet-cisco/internal/drivers/iosxe/configdriver/generated/1791/crypto_map	[no test files]
?   	github.com/cisco/virtual-kubelet-cisco/internal/drivers/iosxe/configdriver/generated/1791/crypto_pki_trustpoint	[no test files]
?   	github.com/cisco/virtual-kubelet-cisco/internal/drivers/iosxe/configdriver/generated/1791/dhcp	[no test files]
?   	github.com/cisco/virtual-kubelet-cisco/internal/drivers/iosxe/configdriver/generated/1791/eigrp	[no test files]
?   	github.com/cisco/virtual-kubelet-cisco/internal/drivers/iosxe/configdriver/generated/1791/errdisable	[no test files]
?   	github.com/cisco/virtual-kubelet-cisco/internal/drivers/iosxe/configdriver/generated/1791/event_manager	[no test files]
?   	github.com/cisco/virtual-kubelet-cisco/internal/drivers/iosxe/configdriver/generated/1791/interface_ethernet	[no test files]
?   	github.com/cisco/virtual-kubelet-cisco/internal/drivers/iosxe/configdriver/generated/1791/interface_loopback	[no test files]
?   	github.com/cisco/virtual-kubelet-cisco/internal/drivers/iosxe/configdriver/generated/1791/interface_port_channel	[no test files]
?   	github.com/cisco/virtual-kubelet-cisco/internal/drivers/iosxe/configdriver/generated/1791/interface_switchport	[no test files]
?   	github.com/cisco/virtual-kubelet-cisco/internal/drivers/iosxe/configdriver/generated/1791/interface_tunnel	[no test files]
?   	github.com/cisco/virtual-kubelet-cisco/internal/drivers/iosxe/configdriver/generated/1791/interface_virtual_port_group	[no test files]
?   	github.com/cisco/virtual-kubelet-cisco/internal/drivers/iosxe/configdriver/generated/1791/interface_vlan	[no test files]
?   	github.com/cisco/virtual-kubelet-cisco/internal/drivers/iosxe/configdriver/generated/1791/ip_as_path_access_list	[no test files]
?   	github.com/cisco/virtual-kubelet-cisco/internal/drivers/iosxe/configdriver/generated/1791/ip_community_list	[no test files]
?   	github.com/cisco/virtual-kubelet-cisco/internal/drivers/iosxe/configdriver/generated/1791/ip_domain	[no test files]
?   	github.com/cisco/virtual-kubelet-cisco/internal/drivers/iosxe/configdriver/generated/1791/ip_http	[no test files]
?   	github.com/cisco/virtual-kubelet-cisco/internal/drivers/iosxe/configdriver/generated/1791/ip_name_server	[no test files]
?   	github.com/cisco/virtual-kubelet-cisco/internal/drivers/iosxe/configdriver/generated/1791/ip_nat_inside_source	[no test files]
?   	github.com/cisco/virtual-kubelet-cisco/internal/drivers/iosxe/configdriver/generated/1791/ip_nat_pool	[no test files]
?   	github.com/cisco/virtual-kubelet-cisco/internal/drivers/iosxe/configdriver/generated/1791/ip_ssh	[no test files]
?   	github.com/cisco/virtual-kubelet-cisco/internal/drivers/iosxe/configdriver/generated/1791/ipv6_access_list_extended	[no test files]
?   	github.com/cisco/virtual-kubelet-cisco/internal/drivers/iosxe/configdriver/generated/1791/ipv6_access_list_standard	[no test files]
?   	github.com/cisco/virtual-kubelet-cisco/internal/drivers/iosxe/configdriver/generated/1791/ipv6_prefix_list	[no test files]
?   	github.com/cisco/virtual-kubelet-cisco/internal/drivers/iosxe/configdriver/generated/1791/isis	[no test files]
?   	github.com/cisco/virtual-kubelet-cisco/internal/drivers/iosxe/configdriver/generated/1791/line	[no test files]
?   	github.com/cisco/virtual-kubelet-cisco/internal/drivers/iosxe/configdriver/generated/1791/lldp	[no test files]
?   	github.com/cisco/virtual-kubelet-cisco/internal/drivers/iosxe/configdriver/generated/1791/logging	[no test files]
?   	github.com/cisco/virtual-kubelet-cisco/internal/drivers/iosxe/configdriver/generated/1791/ntp	[no test files]
?   	github.com/cisco/virtual-kubelet-cisco/internal/drivers/iosxe/configdriver/generated/1791/ospf	[no test files]
?   	github.com/cisco/virtual-kubelet-cisco/internal/drivers/iosxe/configdriver/generated/1791/policy_map	[no test files]
?   	github.com/cisco/virtual-kubelet-cisco/internal/drivers/iosxe/configdriver/generated/1791/prefix_list	[no test files]
?   	github.com/cisco/virtual-kubelet-cisco/internal/drivers/iosxe/configdriver/generated/1791/radius_server	[no test files]
?   	github.com/cisco/virtual-kubelet-cisco/internal/drivers/iosxe/configdriver/generated/1791/route_map	[no test files]
?   	github.com/cisco/virtual-kubelet-cisco/internal/drivers/iosxe/configdriver/generated/1791/snmp_server	[no test files]
?   	github.com/cisco/virtual-kubelet-cisco/internal/drivers/iosxe/configdriver/generated/1791/spanning_tree	[no test files]
?   	github.com/cisco/virtual-kubelet-cisco/internal/drivers/iosxe/configdriver/generated/1791/static_route	[no test files]
?   	github.com/cisco/virtual-kubelet-cisco/internal/drivers/iosxe/configdriver/generated/1791/system	[no test files]
?   	github.com/cisco/virtual-kubelet-cisco/internal/drivers/iosxe/configdriver/generated/1791/tacacs_server	[no test files]
?   	github.com/cisco/virtual-kubelet-cisco/internal/drivers/iosxe/configdriver/generated/1791/track	[no test files]
?   	github.com/cisco/virtual-kubelet-cisco/internal/drivers/iosxe/configdriver/generated/1791/username	[no test files]
?   	github.com/cisco/virtual-kubelet-cisco/internal/drivers/iosxe/configdriver/generated/1791/vlan	[no test files]
?   	github.com/cisco/virtual-kubelet-cisco/internal/drivers/iosxe/configdriver/generated/1791/vrf	[no test files]
?   	github.com/cisco/virtual-kubelet-cisco/internal/drivers/iosxe/configdriver/generated/2601/aaa	[no test files]
?   	github.com/cisco/virtual-kubelet-cisco/internal/drivers/iosxe/configdriver/generated/2601/access_list_extended	[no test files]
?   	github.com/cisco/virtual-kubelet-cisco/internal/drivers/iosxe/configdriver/generated/2601/access_list_standard	[no test files]
?   	github.com/cisco/virtual-kubelet-cisco/internal/drivers/iosxe/configdriver/generated/2601/banner	[no test files]
?   	github.com/cisco/virtual-kubelet-cisco/internal/drivers/iosxe/configdriver/generated/2601/bgp	[no test files]
?   	github.com/cisco/virtual-kubelet-cisco/internal/drivers/iosxe/configdriver/generated/2601/cdp	[no test files]
?   	github.com/cisco/virtual-kubelet-cisco/internal/drivers/iosxe/configdriver/generated/2601/class_map	[no test files]
?   	github.com/cisco/virtual-kubelet-cisco/internal/drivers/iosxe/configdriver/generated/2601/clock	[no test files]
?   	github.com/cisco/virtual-kubelet-cisco/internal/drivers/iosxe/configdriver/generated/2601/crypto_ikev2_profile	[no test files]
?   	github.com/cisco/virtual-kubelet-cisco/internal/drivers/iosxe/configdriver/generated/2601/crypto_ipsec_profile	[no test files]
?   	github.com/cisco/virtual-kubelet-cisco/internal/drivers/iosxe/configdriver/generated/2601/crypto_ipsec_transform_set	[no test files]
?   	github.com/cisco/virtual-kubelet-cisco/internal/drivers/iosxe/configdriver/generated/2601/crypto_map	[no test files]
?   	github.com/cisco/virtual-kubelet-cisco/internal/drivers/iosxe/configdriver/generated/2601/crypto_pki_trustpoint	[no test files]
?   	github.com/cisco/virtual-kubelet-cisco/internal/drivers/iosxe/configdriver/generated/2601/dhcp	[no test files]
?   	github.com/cisco/virtual-kubelet-cisco/internal/drivers/iosxe/configdriver/generated/2601/eigrp	[no test files]
?   	github.com/cisco/virtual-kubelet-cisco/internal/drivers/iosxe/configdriver/generated/2601/errdisable	[no test files]
?   	github.com/cisco/virtual-kubelet-cisco/internal/drivers/iosxe/configdriver/generated/2601/event_manager	[no test files]
?   	github.com/cisco/virtual-kubelet-cisco/internal/drivers/iosxe/configdriver/generated/2601/interface_ethernet	[no test files]
?   	github.com/cisco/virtual-kubelet-cisco/internal/drivers/iosxe/configdriver/generated/2601/interface_loopback	[no test files]
?   	github.com/cisco/virtual-kubelet-cisco/internal/drivers/iosxe/configdriver/generated/2601/interface_port_channel	[no test files]
?   	github.com/cisco/virtual-kubelet-cisco/internal/drivers/iosxe/configdriver/generated/2601/interface_switchport	[no test files]
?   	github.com/cisco/virtual-kubelet-cisco/internal/drivers/iosxe/configdriver/generated/2601/interface_tunnel	[no test files]
?   	github.com/cisco/virtual-kubelet-cisco/internal/drivers/iosxe/configdriver/generated/2601/interface_virtual_port_group	[no test files]
?   	github.com/cisco/virtual-kubelet-cisco/internal/drivers/iosxe/configdriver/generated/2601/interface_vlan	[no test files]
?   	github.com/cisco/virtual-kubelet-cisco/internal/drivers/iosxe/configdriver/generated/2601/ip_as_path_access_list	[no test files]
?   	github.com/cisco/virtual-kubelet-cisco/internal/drivers/iosxe/configdriver/generated/2601/ip_community_list	[no test files]
?   	github.com/cisco/virtual-kubelet-cisco/internal/drivers/iosxe/configdriver/generated/2601/ip_domain	[no test files]
?   	github.com/cisco/virtual-kubelet-cisco/internal/drivers/iosxe/configdriver/generated/2601/ip_http	[no test files]
?   	github.com/cisco/virtual-kubelet-cisco/internal/drivers/iosxe/configdriver/generated/2601/ip_name_server	[no test files]
?   	github.com/cisco/virtual-kubelet-cisco/internal/drivers/iosxe/configdriver/generated/2601/ip_nat_inside_source	[no test files]
?   	github.com/cisco/virtual-kubelet-cisco/internal/drivers/iosxe/configdriver/generated/2601/ip_nat_pool	[no test files]
?   	github.com/cisco/virtual-kubelet-cisco/internal/drivers/iosxe/configdriver/generated/2601/ip_ssh	[no test files]
?   	github.com/cisco/virtual-kubelet-cisco/internal/drivers/iosxe/configdriver/generated/2601/ipv6_access_list_extended	[no test files]
?   	github.com/cisco/virtual-kubelet-cisco/internal/drivers/iosxe/configdriver/generated/2601/ipv6_access_list_standard	[no test files]
?   	github.com/cisco/virtual-kubelet-cisco/internal/drivers/iosxe/configdriver/generated/2601/ipv6_prefix_list	[no test files]
?   	github.com/cisco/virtual-kubelet-cisco/internal/drivers/iosxe/configdriver/generated/2601/isis	[no test files]
?   	github.com/cisco/virtual-kubelet-cisco/internal/drivers/iosxe/configdriver/generated/2601/line	[no test files]
?   	github.com/cisco/virtual-kubelet-cisco/internal/drivers/iosxe/configdriver/generated/2601/lldp	[no test files]
?   	github.com/cisco/virtual-kubelet-cisco/internal/drivers/iosxe/configdriver/generated/2601/logging	[no test files]
?   	github.com/cisco/virtual-kubelet-cisco/internal/drivers/iosxe/configdriver/generated/2601/ntp	[no test files]
?   	github.com/cisco/virtual-kubelet-cisco/internal/drivers/iosxe/configdriver/generated/2601/ospf	[no test files]
?   	github.com/cisco/virtual-kubelet-cisco/internal/drivers/iosxe/configdriver/generated/2601/policy_map	[no test files]
?   	github.com/cisco/virtual-kubelet-cisco/internal/drivers/iosxe/configdriver/generated/2601/prefix_list	[no test files]
?   	github.com/cisco/virtual-kubelet-cisco/internal/drivers/iosxe/configdriver/generated/2601/radius_server	[no test files]
?   	github.com/cisco/virtual-kubelet-cisco/internal/drivers/iosxe/configdriver/generated/2601/route_map	[no test files]
?   	github.com/cisco/virtual-kubelet-cisco/internal/drivers/iosxe/configdriver/generated/2601/snmp_server	[no test files]
?   	github.com/cisco/virtual-kubelet-cisco/internal/drivers/iosxe/configdriver/generated/2601/spanning_tree	[no test files]
?   	github.com/cisco/virtual-kubelet-cisco/internal/drivers/iosxe/configdriver/generated/2601/static_route	[no test files]
?   	github.com/cisco/virtual-kubelet-cisco/internal/drivers/iosxe/configdriver/generated/2601/system	[no test files]
?   	github.com/cisco/virtual-kubelet-cisco/internal/drivers/iosxe/configdriver/generated/2601/tacacs_server	[no test files]
?   	github.com/cisco/virtual-kubelet-cisco/internal/drivers/iosxe/configdriver/generated/2601/track	[no test files]
?   	github.com/cisco/virtual-kubelet-cisco/internal/drivers/iosxe/configdriver/generated/2601/username	[no test files]
?   	github.com/cisco/virtual-kubelet-cisco/internal/drivers/iosxe/configdriver/generated/2601/vlan	[no test files]
?   	github.com/cisco/virtual-kubelet-cisco/internal/drivers/iosxe/configdriver/generated/2601/vrf	[no test files]
ok  	github.com/cisco/virtual-kubelet-cisco/internal/drivers/iosxe/configdriver/intent	2.433s
?   	github.com/cisco/virtual-kubelet-cisco/internal/drivers/iosxe/configdriver/iosxebuilder	[no test files]
ok  	github.com/cisco/virtual-kubelet-cisco/internal/drivers/iosxe/configdriver/schema	1.446s
ok  	github.com/cisco/virtual-kubelet-cisco/internal/drivers/iosxe/configdriver/transport	7.656s
ok  	github.com/cisco/virtual-kubelet-cisco/internal/drivers/iosxe/configdriver/validation	1.438s
ok  	github.com/cisco/virtual-kubelet-cisco/internal/drivers/iosxe/configdriver/writers	3.818s
ok  	github.com/cisco/virtual-kubelet-cisco/internal/drivers/iosxe/devicegrpc	1.659s
ok  	github.com/cisco/virtual-kubelet-cisco/internal/drivers/iosxe/gnoi	5.607s
ok  	github.com/cisco/virtual-kubelet-cisco/internal/drivers/iosxe/gnoiruntime	5.397s
ok  	github.com/cisco/virtual-kubelet-cisco/internal/drivers/iosxe/softwarelifecycle	1.429s
ok  	github.com/cisco/virtual-kubelet-cisco/internal/drivers/iosxe/telemetry	1.575s
?   	github.com/cisco/virtual-kubelet-cisco/internal/drivers/iosxr	[no test files]
ok  	github.com/cisco/virtual-kubelet-cisco/internal/drivers/nxos	17.101s
ok  	github.com/cisco/virtual-kubelet-cisco/internal/drivers/nxos/configdriver/schema	1.188s
ok  	github.com/cisco/virtual-kubelet-cisco/internal/drivers/nxos/configdriver/writers	1.666s
?   	github.com/cisco/virtual-kubelet-cisco/internal/drivers/openconfig	[no test files]
ok  	github.com/cisco/virtual-kubelet-cisco/internal/managedprotocol	1.248s
ok  	github.com/cisco/virtual-kubelet-cisco/internal/otelproviders	1.480s
ok  	github.com/cisco/virtual-kubelet-cisco/internal/platforms	1.274s
ok  	github.com/cisco/virtual-kubelet-cisco/internal/provider	5.199s
ok  	github.com/cisco/virtual-kubelet-cisco/internal/provider/deviceoperation	6.329s
ok  	github.com/cisco/virtual-kubelet-cisco/internal/provider/diagnostic	2.420s
ok  	github.com/cisco/virtual-kubelet-cisco/internal/provider/diagnostic/adminserver	2.258s
ok  	github.com/cisco/virtual-kubelet-cisco/internal/provider/maintenance	5.958s
ok  	github.com/cisco/virtual-kubelet-cisco/internal/provider/mutationguard	2.527s
ok  	github.com/cisco/virtual-kubelet-cisco/internal/provider/operationalaction	4.615s
ok  	github.com/cisco/virtual-kubelet-cisco/internal/provider/softwareupgrade	14.803s
ok  	github.com/cisco/virtual-kubelet-cisco/internal/softwarelifecycle	1.474s
ok  	github.com/cisco/virtual-kubelet-cisco/internal/telemetry/classifier	1.357s
ok  	github.com/cisco/virtual-kubelet-cisco/internal/telemetry/correlation	1.306s
ok  	github.com/cisco/virtual-kubelet-cisco/internal/telemetry/emit	1.428s
ok  	github.com/cisco/virtual-kubelet-cisco/internal/telemetry/mapper	1.489s
?   	github.com/cisco/virtual-kubelet-cisco/internal/telemetry/semconv	[no test files]
ok  	github.com/cisco/virtual-kubelet-cisco/internal/telemetry/state	1.413s
ok  	github.com/cisco/virtual-kubelet-cisco/internal/telemetry/yang	1.373s
ok  	github.com/cisco/virtual-kubelet-cisco/internal/tlsutil	1.307s
ok  	github.com/cisco/virtual-kubelet-cisco/internal/topology	1.316s
ok  	github.com/cisco/virtual-kubelet-cisco/internal/topologygraph	1.197s
ok  	github.com/cisco/virtual-kubelet-cisco/internal/topologyhealth	1.277s
?   	github.com/cisco/virtual-kubelet-cisco/internal/topologyidentity	[no test files]
ok  	github.com/cisco/virtual-kubelet-cisco/internal/topologyrollout	2.750s
ok  	github.com/cisco/virtual-kubelet-cisco/internal/workloaddrain	1.270s
ok  	github.com/cisco/virtual-kubelet-cisco/tools/cisco-vk-config-docs	1.544s
ok  	github.com/cisco/virtual-kubelet-cisco/tools/cisco-vk-config-lint	1.665s
ok  	github.com/cisco/virtual-kubelet-cisco/tools/cisco-vk-yang-sync	1.337s
ok  	github.com/cisco/virtual-kubelet-cisco/tools/cvk-netascode-migrate	1.284s
ok  	github.com/cisco/virtual-kubelet-cisco/tools/krew-manifest-owner-check	1.239s
ok  	github.com/cisco/virtual-kubelet-cisco/tools/kubectl-ciscovk	5.398s
