time="2026-10-01T23:14:21Z" level=info msg="Device info: Serial=FOC2416U0MV, Version=17.18.3, Product=C9300-24P" file="device.go:75"
time="2026-10-01T23:14:21Z" level=info msg="Connected to IOSXE device" file="driver.go:144" platform=IOS-XE url="https://198.51.100.103:443"
time="2026-10-01T23:14:21Z" level=info msg="app-hosting worker mode; skipping config, telemetry, and gNOI reconcilers" file="run.go:694"
time="2026-10-01T23:14:21Z" level=info msg="Pod cache in-sync" file="podcontroller.go:315"
time="2026-10-01T23:14:21Z" level=info msg="ListPods: discovering pods from device" file="opentelemetry.go:172" method=deleteDanglingPods
time="2026-10-01T23:14:21Z" level=info msg="starting workers" file="podcontroller.go:426"
time="2026-10-01T23:14:21Z" level=info msg="started workers" file="podcontroller.go:438"
time="2026-10-01T23:14:21Z" level=error msg="failed to update node lease" file="opentelemetry.go:176" err="leases.coordination.k8s.io \"cat9k-lab-103\" is forbidden: ValidatingAdmissionPolicy 'cisco-vk-cisco-virtual-kubelet-shared-maintenance-lease' with binding 'cisco-vk-cisco-virtual-kubelet-shared-maintenance-lease' denied request: managed Lease mutation requires the exact manager-bound worker Pod name and UID" method=controller.retryUpdateLease
time="2026-10-01T23:14:21Z" level=error msg="failed to update node lease" file="opentelemetry.go:176" err="leases.coordination.k8s.io \"cat9k-lab-103\" is forbidden: ValidatingAdmissionPolicy 'cisco-vk-cisco-virtual-kubelet-shared-maintenance-lease' with binding 'cisco-vk-cisco-virtual-kubelet-shared-maintenance-lease' denied request: managed Lease mutation requires the exact manager-bound worker Pod name and UID" method=controller.retryUpdateLease
time="2026-10-01T23:14:21Z" level=error msg="failed to update node lease" file="opentelemetry.go:176" err="leases.coordination.k8s.io \"cat9k-lab-103\" is forbidden: ValidatingAdmissionPolicy 'cisco-vk-cisco-virtual-kubelet-shared-maintenance-lease' with binding 'cisco-vk-cisco-virtual-kubelet-shared-maintenance-lease' denied request: managed Lease mutation requires the exact manager-bound worker Pod name and UID" method=controller.retryUpdateLease
time="2026-10-01T23:14:21Z" level=error msg="failed to update node lease" file="opentelemetry.go:176" err="leases.coordination.k8s.io \"cat9k-lab-103\" is forbidden: ValidatingAdmissionPolicy 'cisco-vk-cisco-virtual-kubelet-shared-maintenance-lease' with binding 'cisco-vk-cisco-virtual-kubelet-shared-maintenance-lease' denied request: managed Lease mutation requires the exact manager-bound worker Pod name and UID" method=controller.retryUpdateLease
time="2026-10-01T23:14:21Z" level=error msg="failed to update node lease" file="opentelemetry.go:176" err="leases.coordination.k8s.io \"cat9k-lab-103\" is forbidden: ValidatingAdmissionPolicy 'cisco-vk-cisco-virtual-kubelet-shared-maintenance-lease' with binding 'cisco-vk-cisco-virtual-kubelet-shared-maintenance-lease' denied request: managed Lease mutation requires the exact manager-bound worker Pod name and UID" method=controller.retryUpdateLease
time="2026-10-01T23:14:21Z" level=error msg="Will retry after" file="opentelemetry.go:196" err="failed after 5 attempts to update node lease" method=lease.sync renewInterval=10s
time="2026-10-01T23:14:21Z" level=error msg="failed to update node lease" file="opentelemetry.go:176" err="leases.coordination.k8s.io \"cat9k-lab-103\" is forbidden: ValidatingAdmissionPolicy 'cisco-vk-cisco-virtual-kubelet-shared-maintenance-lease' with binding 'cisco-vk-cisco-virtual-kubelet-shared-maintenance-lease' denied request: managed Lease mutation requires the exact manager-bound worker Pod name and UID" method=controller.retryUpdateLease
time="2026-10-01T23:14:21Z" level=error msg="failed to update node lease" file="opentelemetry.go:176" err="leases.coordination.k8s.io \"cat9k-lab-103\" is forbidden: ValidatingAdmissionPolicy 'cisco-vk-cisco-virtual-kubelet-shared-maintenance-lease' with binding 'cisco-vk-cisco-virtual-kubelet-shared-maintenance-lease' denied request: managed Lease mutation requires the exact manager-bound worker Pod name and UID" method=controller.retryUpdateLease
time="2026-10-01T23:14:21Z" level=error msg="failed to update node lease" file="opentelemetry.go:176" err="leases.coordination.k8s.io \"cat9k-lab-103\" is forbidden: ValidatingAdmissionPolicy 'cisco-vk-cisco-virtual-kubelet-shared-maintenance-lease' with binding 'cisco-vk-cisco-virtual-kubelet-shared-maintenance-lease' denied request: managed Lease mutation requires the exact manager-bound worker Pod name and UID" method=controller.retryUpdateLease
time="2026-10-01T23:14:21Z" level=error msg="failed to update node lease" file="opentelemetry.go:176" err="leases.coordination.k8s.io \"cat9k-lab-103\" is forbidden: ValidatingAdmissionPolicy 'cisco-vk-cisco-virtual-kubelet-shared-maintenance-lease' with binding 'cisco-vk-cisco-virtual-kubelet-shared-maintenance-lease' denied request: managed Lease mutation requires the exact manager-bound worker Pod name and UID" method=controller.retryUpdateLease
time="2026-10-01T23:14:21Z" level=error msg="failed to update node lease" file="opentelemetry.go:176" err="leases.coordination.k8s.io \"cat9k-lab-103\" is forbidden: ValidatingAdmissionPolicy 'cisco-vk-cisco-virtual-kubelet-shared-maintenance-lease' with binding 'cisco-vk-cisco-virtual-kubelet-shared-maintenance-lease' denied request: managed Lease mutation requires the exact manager-bound worker Pod name and UID" method=controller.retryUpdateLease
time="2026-10-01T23:14:21Z" level=info msg="failed to update lease using latest lease, fallback to ensure lease" file="opentelemetry.go:172" err="failed after 5 attempts to update node lease" method=lease.sync
time="2026-10-01T23:14:31Z" level=error msg="failed to update node lease" file="opentelemetry.go:176" err="Operation cannot be fulfilled on leases.coordination.k8s.io \"cat9k-lab-103\": the object has been modified; please apply your changes to the latest version and try again" method=controller.retryUpdateLease
time="2026-10-01T23:15:01Z" level=error msg="failed to update node lease" file="opentelemetry.go:176" err="Operation cannot be fulfilled on leases.coordination.k8s.io \"cat9k-lab-103\": the object has been modified; please apply your changes to the latest version and try again" method=controller.retryUpdateLease
time="2026-10-01T23:19:21Z" level=warning msg="Failed to get operational data during node status sync" file="provider.go:1147" error="failed to fetch global oper data: Get \"https://198.51.100.103:443/restconf/data/Cisco-IOS-XE-app-hosting-oper:app-hosting-oper-data\": dial tcp 198.51.100.103:443: connect: connection refused"
time="2026-10-01T23:22:00Z" level=warning msg="Failed to get operational data during node status sync" file="provider.go:1147" error="failed to fetch global oper data: Get \"https://198.51.100.103:443/restconf/data/Cisco-IOS-XE-app-hosting-oper:app-hosting-oper-data\": dial tcp 198.51.100.103:443: connect: connection timed out"
time="2026-10-01T23:23:06Z" level=warning msg="Failed to get operational data during node status sync" file="provider.go:1147" error="failed to fetch global oper data: request failed with status 502 Bad Gateway"
time="2026-10-01T23:23:11Z" level=warning msg="Failed to get operational data during node status sync" file="provider.go:1147" error="failed to fetch global oper data: request failed with status 502 Bad Gateway"
time="2026-10-01T23:23:41Z" level=warning msg="Failed to get operational data during node status sync" file="provider.go:1147" error="failed to fetch global oper data: request failed with status 502 Bad Gateway"
